[www.edoardolunardi.dev/index.html]
[backblue.gif]
[fade.gif]
[index.html]
[www.edoardolunardi.dev/share-image.jpg]
[www.edoardolunardi.dev/apple-touch-icon.png]
[www.edoardolunardi.dev/favicon-32x32.png]
[www.edoardolunardi.dev/favicon-16x16.png]
[www.edoardolunardi.dev/site.webmanifest]
[www.edoardolunardi.dev/fonts/Satoshi-Medium.woff2]
[www.edoardolunardi.dev/assets/index-D3zysqJS.js]
[www.edoardolunardi.dev/assets/index-BR24rW3b.css]
[www.edoardolunardi.dev/images/tersa.jpg]
[www.edoardolunardi.dev/images/ouster.jpg]
[www.edoardolunardi.dev/images/algae-cooking-club.jpg]
[www.edoardolunardi.dev/images/sebastian.jpg]
[www.edoardolunardi.dev/images/getty-pst.jpg]
[www.edoardolunardi.dev/images/le-journal.jpg]
[www.edoardolunardi.dev/images/overheard.jpg]
[www.edoardolunardi.dev/images/kindred.jpg]
[www.edoardolunardi.dev/images/anne-frank.jpg]
[www.edoardolunardi.dev/images/guillermo.jpg]
[www.edoardolunardi.dev/images/immobiliare-andora.jpg]
[www.edoardolunardi.dev/index.html]
[www.edoardolunardi.dev/images/bitboss.jpg]
[www.edoardolunardi.dev/assets/index-BR24rW3b.css]
