[ang-studio.com/work.html]
[backblue.gif]
[fade.gif]
[work.html]
[ang-studio.com/img/social/facebook-1200x630.jpg]
[ang-studio.com/img/social/twitter-600x330.jpg]
[ang-studio.com/icon/apple-touch-icon.png]
[ang-studio.com/icon/favicon-32x32.png]
[ang-studio.com/icon/favicon-16x16.png]
[ang-studio.com/icon/favicon.ico]
[ang-studio.com/icon/browserconfig.xml]
[ang-studio.com/manifest.json]
[ang-studio.com/font/fkgroteskneue/FKGroteskNeue-Regular.woff]
[ang-studio.com/font/fkgroteskneue/FKGroteskNeue-Medium.woff]
[cdnjs.cloudflare.com/ajax/libs/gsap/3.12.2/gsap.min.js]
[cdnjs.cloudflare.com/ajax/libs/gsap/3.12.2/ScrollTrigger.min.js]
[cdnjs.cloudflare.com/ajax/libs/gsap/3.12.5/Draggable.min.js]
[ang-studio.com/work.html]
[ang-studio.com/about.html]
[ang-studio.com/contact.html]
[back.ang-studio.com/wp-content/uploads/2024/03/home-alc-b.jpg]
[back.ang-studio.com/wp-content/uploads/2024/03/home-canopy-2.jpg]
[back.ang-studio.com/wp-content/uploads/2024/03/home-catalogo-de-conservas.jpg]
[back.ang-studio.com/wp-content/uploads/2024/03/home-bbdw-1.jpg]
[back.ang-studio.com/wp-content/uploads/2024/03/home-tb.jpg]
[back.ang-studio.com/wp-content/uploads/2024/03/home-serrano-1.jpg]
[back.ang-studio.com/wp-content/uploads/2024/03/home-eide.jpg]
[back.ang-studio.com/wp-content/uploads/2024/03/home-arkeologi-2.jpg]
[back.ang-studio.com/wp-content/uploads/2024/03/home-mac-1.jpg]
[back.ang-studio.com/wp-content/uploads/2024/03/home-itsasoko-1.jpg]
[back.ang-studio.com/wp-content/uploads/2024/03/home-reaction-4.jpg]
[back.ang-studio.com/wp-content/uploads/2024/03/home-diamuseos.jpg]
[back.ang-studio.com/wp-content/uploads/2024/03/home-sarrikue.jpg]
[back.ang-studio.com/wp-content/uploads/2024/03/home-musac-1.jpg]
[back.ang-studio.com/wp-content/uploads/2024/03/home-zinemakumeak-2.jpg]
[back.ang-studio.com/wp-content/uploads/2024/06/home-make-my-day.jpg]
[back.ang-studio.com/wp-content/uploads/2024/03/home-neeev.jpg]
[back.ang-studio.com/wp-content/uploads/2024/03/home-transform.jpg]
[back.ang-studio.com/wp-content/uploads/2024/03/home2-alc.png]
[back.ang-studio.com/wp-content/uploads/2024/03/home2-gp19.jpg]
[back.ang-studio.com/wp-content/uploads/2024/03/home2-canopy.jpg]
[back.ang-studio.com/wp-content/uploads/2024/03/home2-catalogo-2.jpg]
[back.ang-studio.com/wp-content/uploads/2024/03/home2-bbdw.jpg]
[back.ang-studio.com/wp-content/uploads/2024/03/home2-elnaturalista.jpg]
[back.ang-studio.com/wp-content/uploads/2024/03/home-tb-1.jpg]
[back.ang-studio.com/wp-content/uploads/2024/03/home2-serrano.jpg]
[back.ang-studio.com/wp-content/uploads/2024/03/home2-eide.jpg]
[back.ang-studio.com/wp-content/uploads/2024/03/home2-arkeologi.jpg]
[back.ang-studio.com/wp-content/uploads/2024/03/home2-gp18.jpg]
[back.ang-studio.com/wp-content/uploads/2024/03/home2-mac.jpg]
[back.ang-studio.com/wp-content/uploads/2024/03/home2B-itsasoko.jpg]
[back.ang-studio.com/wp-content/uploads/2024/03/home2-neokdun.jpg]
[back.ang-studio.com/wp-content/uploads/2024/03/home-reaction-2.jpg]
[back.ang-studio.com/wp-content/uploads/2024/03/home2-diamuseos.jpg]
[back.ang-studio.com/wp-content/uploads/2024/03/home2-sarrikue-1.jpg]
[back.ang-studio.com/wp-content/uploads/2024/03/home2-wl.jpg]
[back.ang-studio.com/wp-content/uploads/2024/03/home-musac.jpg]
[back.ang-studio.com/wp-content/uploads/2024/03/home2-zinemakumeak.jpg]
[back.ang-studio.com/wp-content/uploads/2024/06/home2-make-my-day.jpg]
[back.ang-studio.com/wp-content/uploads/2024/06/home2-skvl.jpg]
[back.ang-studio.com/wp-content/uploads/2024/03/home2-neeev.jpg]
[back.ang-studio.com/wp-content/uploads/2024/03/home2-transform.jpg]
[unpkg.com/@studio-freight/lenis@1.0.33/dist/lenis.min.js]
[ang-studio.com/js/effects4c45.js]
[ang-studio.com/work.html]
[ang-studio.com/site.html]
[ang-studio.com/icon/safari-pinned-tab.svg]
[ang-studio.com/font/fkgroteskneue/FKGroteskNeue-Regular.html]
[ang-studio.com/font/fkgroteskneue/FKGroteskNeue-Medium.html]
[ang-studio.com/font/tiemposfine/TiemposFine-LightItalic.html]
[ang-studio.com/manifest.html]
[ang-studio.com/css/variables.css]
[ang-studio.com/css/main.css]
[ang-studio.com/project/serrano.html]
[back.ang-studio.com/wp-content/uploads/2024/01/index-serrano.jpg]
[ang-studio.com/project/getxo-photo-2018.html]
[back.ang-studio.com/wp-content/uploads/2024/01/featured-itsasoko.jpg]
[ang-studio.com/project/itsasoko.html]
[back.ang-studio.com/wp-content/uploads/2024/01/index-gp19.jpg]
[ang-studio.com/project/getxo-photo-19.html]
[back.ang-studio.com/wp-content/uploads/2024/03/index-reaction-1.jpg]
[ang-studio.com/project/reaction.html]
[back.ang-studio.com/wp-content/uploads/2024/03/home-alc.jpg]
[ang-studio.com/project/alc.html]
[back.ang-studio.com/wp-content/uploads/2024/03/elnaturalista-square-index.png]
[ang-studio.com/project/el-naturalista.html]
[back.ang-studio.com/wp-content/uploads/2024/03/transformaciones-index-3.jpg]
[ang-studio.com/project/transformaciones.html]
[back.ang-studio.com/wp-content/uploads/2024/03/index-tb-2.png]
[ang-studio.com/project/tb-group.html]
[back.ang-studio.com/wp-content/uploads/2024/03/neokdun-index.jpg]
[ang-studio.com/project/neokdun.html]
[back.ang-studio.com/wp-content/uploads/2024/03/canopy-gallery-third-6.jpg]
[ang-studio.com/project/canopy.html]
[back.ang-studio.com/wp-content/uploads/2024/01/neev-full-9.jpg]
[ang-studio.com/project/neeev.html]
[back.ang-studio.com/wp-content/uploads/2024/01/arkeologi-half-2.jpg]
[ang-studio.com/work.html]
[ang-studio.com/project/arkeologi-museoa.html]
[back.ang-studio.com/wp-content/uploads/2024/04/hero-about.jpg]
[back.ang-studio.com/wp-content/uploads/2024/04/about-2.png]
[back.ang-studio.com/wp-content/uploads/2024/04/about-1.png]
[back.ang-studio.com/wp-content/uploads/2024/04/about-3.png]
[back.ang-studio.com/wp-content/uploads/2024/01/gallery-itsasoko-full-1.jpg]
[back.ang-studio.com/wp-content/uploads/2024/03/elnaturalista-square-index-1.png]
[back.ang-studio.com/wp-content/uploads/2024/03/home-neokdun.jpg]
[back.ang-studio.com/wp-content/uploads/2024/03/home-arkeologi.jpg]
[back.ang-studio.com/wp-content/uploads/2024/03/home-alc-4.jpg]
[ang-studio.com/about.html]
[ang-studio.com/contact.html]
[ang-studio.com/img/main-logo-black.svg]
[ang-studio.com/img/main-logo-white.svg]
[back.ang-studio.com/wp-content/uploads/2024/03/hero-serrano.jpg]
[back.ang-studio.com/wp-content/uploads/2024/01/gallery-serrano-full-1.jpg]
[back.ang-studio.com/wp-content/uploads/2024/03/gallery-serrano-half-3.jpg]
[back.ang-studio.com/wp-content/uploads/2024/03/gallery-serrano-half-6.jpg]
[back.ang-studio.com/wp-content/uploads/2024/01/gallery-serrano-full-2.jpg]
[back.ang-studio.com/wp-content/uploads/2024/03/gallery-serrano-full-5.jpg]
[back.ang-studio.com/wp-content/uploads/2024/03/gallery-serrano-half-5.jpg]
[back.ang-studio.com/wp-content/uploads/2024/01/gallery-serrano-half-2.jpg]
[back.ang-studio.com/wp-content/uploads/2024/03/gallery-serrano-full-6.jpg]
[back.ang-studio.com/wp-content/uploads/2024/01/gallery-serrano-half-1.jpg]
[back.ang-studio.com/wp-content/uploads/2024/03/gallery-serrano-half-4C.jpg]
[back.ang-studio.com/wp-content/uploads/2024/01/hero-serrano.jpg]
[back.ang-studio.com/wp-content/uploads/2024/01/hero-gp18-1-1.jpg]
[ang-studio.com/project/serrano.html]
[back.ang-studio.com/wp-content/uploads/2024/01/gallery-gp18-full-3-1.jpg]
[ang-studio.com/project/getxo-photo-2018/work.html]
[back.ang-studio.com/wp-content/uploads/2024/01/gallery-gp18-full-4-1.jpg]
[back.ang-studio.com/wp-content/uploads/2024/01/gallery-gp18-full-5-1.jpg]
[back.ang-studio.com/wp-content/uploads/2024/01/hero-gp18-2.jpg]
[back.ang-studio.com/wp-content/uploads/2024/01/gallery-gp18-full-2-1.jpg]
[back.ang-studio.com/wp-content/uploads/2024/01/gallery-gp18-full-1.jpg]
[back.ang-studio.com/wp-content/uploads/2024/03/gallery-gp18-half-7.jpg]
[back.ang-studio.com/wp-content/uploads/2024/03/gallery-gp18-half-6.jpg]
[back.ang-studio.com/wp-content/uploads/2024/01/gallery-gp18-full-11-1.jpg]
[back.ang-studio.com/wp-content/uploads/2024/01/gallery-gp18-full-12-1.jpg]
[back.ang-studio.com/wp-content/uploads/2024/01/gallery-gp18-full-7-1.jpg]
[back.ang-studio.com/wp-content/uploads/2024/05/gallery-gp18-full-14.jpg]
[back.ang-studio.com/wp-content/uploads/2024/05/gallery-gp18-full-16.jpg]
[back.ang-studio.com/wp-content/uploads/2024/01/gallery-gp18-full-6-1.jpg]
[back.ang-studio.com/wp-content/uploads/2024/01/gallery-gp18-full-9-1.jpg]
[back.ang-studio.com/wp-content/uploads/2024/01/hero-itsasoko.jpg]
[ang-studio.com/project/getxo-photo-2018.html]
[back.ang-studio.com/wp-content/uploads/2024/01/gallery-itsasoko-full-3.jpg]
[ang-studio.com/project/itsasoko/work.html]
[back.ang-studio.com/wp-content/uploads/2024/01/gallery-itsasoko-half-7.png]
[back.ang-studio.com/wp-content/uploads/2024/01/gallery-itsasoko-half-6.png]
[back.ang-studio.com/wp-content/uploads/2024/01/gallery-itsasoko-half-5.png]
[back.ang-studio.com/wp-content/uploads/2024/01/gallery-itsasoko-half-3.jpg]
[back.ang-studio.com/wp-content/uploads/2024/01/gallery-itsasoko-full-4.jpg]
[back.ang-studio.com/wp-content/uploads/2024/01/gallery-itsasoko-half-4.jpg]
[back.ang-studio.com/wp-content/uploads/2024/05/gallery-itsasoko-half-12.jpg]
[back.ang-studio.com/wp-content/uploads/2024/05/gallery-itsasoko-full-7.jpg]
[back.ang-studio.com/wp-content/uploads/2024/01/gallery-itsasoko-half-1.jpg]
[back.ang-studio.com/wp-content/uploads/2024/05/gallery-itsasoko-half-11.jpg]
[back.ang-studio.com/wp-content/uploads/2024/03/gallery-itsasoko-third-1.jpg]
[back.ang-studio.com/wp-content/uploads/2024/03/gallery-itsasoko-third-2.jpg]
[back.ang-studio.com/wp-content/uploads/2024/03/gallery-itsasoko-third-3.jpg]
[back.ang-studio.com/wp-content/uploads/2024/03/gallery-itsasoko-full-8B.jpg]
[back.ang-studio.com/wp-content/uploads/2024/05/gallery-itsasoko-full-6.jpg]
[back.ang-studio.com/wp-content/uploads/2024/03/gallery-gp19-full-11.jpg]
[ang-studio.com/project/itsasoko.html]
[ang-studio.com/project/getxo-photo-19/work.html]
[back.ang-studio.com/wp-content/uploads/2024/03/gallery-gp19-full-12.jpg]
[back.ang-studio.com/wp-content/uploads/2024/03/gallery-gp19-half-6.jpg]
[back.ang-studio.com/wp-content/uploads/2024/03/gallery-gp19-full-5.jpg]
[back.ang-studio.com/wp-content/uploads/2024/03/gallery-gp19-full-22.jpg]
[back.ang-studio.com/wp-content/uploads/2024/03/gallery-gp19-full-6.jpg]
[back.ang-studio.com/wp-content/uploads/2024/03/gallery-gp19-half-3.jpg]
[back.ang-studio.com/wp-content/uploads/2024/03/gallery-gp19-full-8.jpg]
[back.ang-studio.com/wp-content/uploads/2024/03/gallery-gp19-full-17.jpg]
[back.ang-studio.com/wp-content/uploads/2024/03/gallery-gp19-half-8.jpg]
[back.ang-studio.com/wp-content/uploads/2024/03/gallery-gp19-half-9.jpg]
[back.ang-studio.com/wp-content/uploads/2024/03/gallery-gp19-full-18.jpg]
[back.ang-studio.com/wp-content/uploads/2024/03/gallery-gp19-full-9.jpg]
[back.ang-studio.com/wp-content/uploads/2024/03/gallery-gp19-full-7.jpg]
[back.ang-studio.com/wp-content/uploads/2024/03/gallery-gp19-full-21.jpg]
[back.ang-studio.com/wp-content/uploads/2024/03/gallery-gp19-full-20.jpg]
[back.ang-studio.com/wp-content/uploads/2024/03/gallery-gp19-full-2.jpg]
[back.ang-studio.com/wp-content/uploads/2024/03/hero-reaction-1.jpg]
[ang-studio.com/project/getxo-photo-19.html]
[ang-studio.com/project/reaction/work.html]
[back.ang-studio.com/wp-content/uploads/2024/03/gallery-reaction-full-6.jpg]
[back.ang-studio.com/wp-content/uploads/2024/03/gallery-reaction-half-7.png]
[back.ang-studio.com/wp-content/uploads/2024/03/gallery-reaction-half-6.png]
[back.ang-studio.com/wp-content/uploads/2024/03/gallery-reaction-half-1.jpg]
[back.ang-studio.com/wp-content/uploads/2024/03/gallery-reaction-half-3.jpg]
[back.ang-studio.com/wp-content/uploads/2024/03/gallery-reaction-half-4.jpg]
[back.ang-studio.com/wp-content/uploads/2024/03/gallery-reaction-half-2.jpg]
[back.ang-studio.com/wp-content/uploads/2024/03/gallery-reaction-full-1.jpg]
[back.ang-studio.com/wp-content/uploads/2024/03/gallery-reaction-half-5.jpg]
[back.ang-studio.com/wp-content/uploads/2024/03/home-reaction-1.jpg]
[back.ang-studio.com/wp-content/uploads/2024/03/gallery-reaction-full-5.jpg]
[back.ang-studio.com/wp-content/uploads/2024/03/gallery-reaction-full-2.jpg]
[back.ang-studio.com/wp-content/uploads/2024/03/alc-hero.jpg]
[ang-studio.com/project/reaction.html]
[back.ang-studio.com/wp-content/uploads/2024/03/alc-full-6.jpg]
[ang-studio.com/project/alc/work.html]
[back.ang-studio.com/wp-content/uploads/2024/03/alc-third-5.png]
[back.ang-studio.com/wp-content/uploads/2024/03/alc-third-4.png]
[back.ang-studio.com/wp-content/uploads/2024/03/alc-third-6.png]
[back.ang-studio.com/wp-content/uploads/2024/03/alc-half-10.png]
[back.ang-studio.com/wp-content/uploads/2024/03/alc-half-8.png]
[back.ang-studio.com/wp-content/uploads/2024/03/alc-full-5.jpg]
[back.ang-studio.com/wp-content/uploads/2024/03/alc-half-1.jpg]
[back.ang-studio.com/wp-content/uploads/2024/03/alc-full-7B.jpg]
[back.ang-studio.com/wp-content/uploads/2024/03/alc-full-4.jpg]
[back.ang-studio.com/wp-content/uploads/2024/03/alc-full-8.jpg]
[back.ang-studio.com/wp-content/uploads/2024/03/alc-half-4.jpg]
[back.ang-studio.com/wp-content/uploads/2024/03/alc-half-6.jpg]
[back.ang-studio.com/wp-content/uploads/2024/03/alc-half-7.png]
[back.ang-studio.com/wp-content/uploads/2024/03/alc-half-12.png]
[back.ang-studio.com/wp-content/uploads/2024/03/alc-full-10.png]
[back.ang-studio.com/wp-content/uploads/2024/03/alc-half-14.jpg]
[back.ang-studio.com/wp-content/uploads/2024/03/alc-half-15.jpg]
[back.ang-studio.com/wp-content/uploads/2024/03/alc-full-1.jpg]
[back.ang-studio.com/wp-content/uploads/2024/03/alc-full-9.jpg]
[back.ang-studio.com/wp-content/uploads/2024/03/elnaturalista-full-1.jpg]
[ang-studio.com/project/alc.html]
[back.ang-studio.com/wp-content/uploads/2024/03/elnaturalista-full-7.png]
[back.ang-studio.com/wp-content/uploads/2024/03/elnaturalista-full-11.jpg]
[ang-studio.com/project/el-naturalista/work.html]
[back.ang-studio.com/wp-content/uploads/2024/03/elnaturalista-full-12B.jpg]
[back.ang-studio.com/wp-content/uploads/2024/03/elnaturalista-half-4.jpg]
[back.ang-studio.com/wp-content/uploads/2024/03/elnaturalista-third-2.jpg]
[back.ang-studio.com/wp-content/uploads/2024/03/elnaturalista-full-2-1.png]
[back.ang-studio.com/wp-content/uploads/2024/03/elnaturalista-half-2.png]
[back.ang-studio.com/wp-content/uploads/2024/03/elnaturalista-half-3.jpg]
[back.ang-studio.com/wp-content/uploads/2024/03/elnaturalista-full-8.png]
[back.ang-studio.com/wp-content/uploads/2024/03/elnaturalista-full-7.jpg]
[back.ang-studio.com/wp-content/uploads/2024/03/elnaturalista-third-3.jpg]
[back.ang-studio.com/wp-content/uploads/2024/03/elnaturalista-full-3.jpg]
[back.ang-studio.com/wp-content/uploads/2024/03/elnaturalista-full-10.jpg]
[back.ang-studio.com/wp-content/uploads/2024/03/transformaciones-full-3.jpg]
[ang-studio.com/project/el-naturalista.html]
[ang-studio.com/project/transformaciones/work.html]
[back.ang-studio.com/wp-content/uploads/2024/03/transformaciones-full-9.jpg]
[back.ang-studio.com/wp-content/uploads/2024/03/transformaciones-full-6.jpg]
[back.ang-studio.com/wp-content/uploads/2024/03/transformaciones-full-11.jpg]
[back.ang-studio.com/wp-content/uploads/2024/03/transformaciones-full-4.jpg]
[back.ang-studio.com/wp-content/uploads/2024/03/transformaciones-third-2.jpg]
[back.ang-studio.com/wp-content/uploads/2024/03/transformaciones-third-6.jpg]
[back.ang-studio.com/wp-content/uploads/2024/03/transformaciones-third-8.jpg]
[back.ang-studio.com/wp-content/uploads/2024/03/transformaciones-third-7.jpg]
[back.ang-studio.com/wp-content/uploads/2024/03/transformaciones-full-5B.jpg]
[back.ang-studio.com/wp-content/uploads/2024/03/transformaciones-full-1.jpg]
[back.ang-studio.com/wp-content/uploads/2024/03/transformaciones-full-8.jpg]
[back.ang-studio.com/wp-content/uploads/2024/03/transformaciones-full-13.jpg]
[back.ang-studio.com/wp-content/uploads/2024/03/transformaciones-third-4.jpg]
[back.ang-studio.com/wp-content/uploads/2024/03/transformaciones-full-14.jpg]
[back.ang-studio.com/wp-content/uploads/2024/03/transformaciones-full-7.jpg]
[back.ang-studio.com/wp-content/uploads/2024/03/transformaciones-half-5B.jpg]
[back.ang-studio.com/wp-content/uploads/2024/03/transformaciones-full-12.jpg]
[back.ang-studio.com/wp-content/uploads/2024/03/hero-tb.jpg]
[ang-studio.com/project/transformaciones.html]
[back.ang-studio.com/wp-content/uploads/2024/03/tb-full-2C.png]
[ang-studio.com/project/tb-group/work.html]
[back.ang-studio.com/wp-content/uploads/2024/03/tb-full-4.jpg]
[back.ang-studio.com/wp-content/uploads/2024/03/tb-half-2B.jpg]
[back.ang-studio.com/wp-content/uploads/2024/03/tb-half-1B.jpg]
[back.ang-studio.com/wp-content/uploads/2024/03/tb-full-8.png]
[back.ang-studio.com/wp-content/uploads/2024/03/tb-full-12.png]
[back.ang-studio.com/wp-content/uploads/2024/03/tb-full-10.png]
[back.ang-studio.com/wp-content/uploads/2024/03/tb-twotthirds-1.jpg]
[back.ang-studio.com/wp-content/uploads/2024/03/tb-third-1.jpg]
[back.ang-studio.com/wp-content/uploads/2024/03/tb-full-5.png]
[back.ang-studio.com/wp-content/uploads/2024/03/tb-full-3.jpg]
[back.ang-studio.com/wp-content/uploads/2024/03/tb-third-2.jpg]
[back.ang-studio.com/wp-content/uploads/2024/03/tb-third-3.jpg]
[back.ang-studio.com/wp-content/uploads/2024/03/tb-third-4.jpg]
[back.ang-studio.com/wp-content/uploads/2024/03/tb-full-11.png]
[back.ang-studio.com/wp-content/uploads/2024/03/tb-full-9.png]
[back.ang-studio.com/wp-content/uploads/2024/03/tb-full-15.png]
[back.ang-studio.com/wp-content/uploads/2024/03/tb-full-6.jpg]
[back.ang-studio.com/wp-content/uploads/2024/03/tb-full-1.jpg]
[back.ang-studio.com/wp-content/uploads/2024/03/gallery-neokdun-full-4.jpg]
[ang-studio.com/project/tb-group.html]
[ang-studio.com/project/neokdun/work.html]
[back.ang-studio.com/wp-content/uploads/2024/03/gallery-neokdun-half-2B.jpg]
[back.ang-studio.com/wp-content/uploads/2024/03/gallery-neokdun-full-2.jpg]
[back.ang-studio.com/wp-content/uploads/2024/03/gallery-neokdun-third-1.jpg]
[back.ang-studio.com/wp-content/uploads/2024/03/gallery-neokdun-half-3B.jpg]
[back.ang-studio.com/wp-content/uploads/2024/03/gallery-neokdun-half-1.jpg]
[back.ang-studio.com/wp-content/uploads/2024/03/gallery-neokdun-half-4.jpg]
[back.ang-studio.com/wp-content/uploads/2024/03/gallery-neokdun-half-5.jpg]
[back.ang-studio.com/wp-content/uploads/2024/03/gallery-neokdun-full-3.jpg]
[back.ang-studio.com/wp-content/uploads/2024/03/gallery-neokdun-full-1.jpg]
[back.ang-studio.com/wp-content/uploads/2024/03/canopy-gallery-full-5.jpg]
[ang-studio.com/project/neokdun.html]
[ang-studio.com/project/canopy/work.html]
[back.ang-studio.com/wp-content/uploads/2024/03/canopy-gallery-full-6.jpg]
[back.ang-studio.com/wp-content/uploads/2024/03/canopy-gallery-third-2.jpg]
[back.ang-studio.com/wp-content/uploads/2024/03/canopy-gallery-third-7.jpg]
[back.ang-studio.com/wp-content/uploads/2024/03/canopy-gallery-third-5.jpg]
[back.ang-studio.com/wp-content/uploads/2024/03/canopy-gallery-full-1.jpg]
[back.ang-studio.com/wp-content/uploads/2024/03/canopy-gallery-full-2.jpg]
[back.ang-studio.com/wp-content/uploads/2024/03/canopy-gallery-full-3B.png]
[back.ang-studio.com/wp-content/uploads/2024/01/neev-full-13.jpg]
[ang-studio.com/project/canopy.html]
[ang-studio.com/project/neeev/work.html]
[back.ang-studio.com/wp-content/uploads/2024/01/neev-full-12.jpg]
[back.ang-studio.com/wp-content/uploads/2024/01/neev-full-10.jpg]
[back.ang-studio.com/wp-content/uploads/2024/01/neev-half-1.jpg]
[back.ang-studio.com/wp-content/uploads/2024/01/neev-half-9.jpg]
[back.ang-studio.com/wp-content/uploads/2024/01/neev-half-4.jpg]
[back.ang-studio.com/wp-content/uploads/2024/01/neev-half-3.jpg]
[back.ang-studio.com/wp-content/uploads/2024/01/neev-full-2.jpg]
[back.ang-studio.com/wp-content/uploads/2024/01/neev-full-7.jpg]
[back.ang-studio.com/wp-content/uploads/2024/01/neev-full-6.jpg]
[back.ang-studio.com/wp-content/uploads/2024/01/neev-half-2.jpg]
[back.ang-studio.com/wp-content/uploads/2024/01/neev-half-7.jpg]
[back.ang-studio.com/wp-content/uploads/2024/01/neev-half-11.jpg]
[back.ang-studio.com/wp-content/uploads/2024/01/neev-half-6.jpg]
[back.ang-studio.com/wp-content/uploads/2024/01/neev-full-11.jpg]
[back.ang-studio.com/wp-content/uploads/2024/01/neev-full-1.jpg]
[back.ang-studio.com/wp-content/uploads/2024/01/arkeologi-full-2.jpg]
[ang-studio.com/project/neeev.html]
[back.ang-studio.com/wp-content/uploads/2024/01/arkeologi-third-5.jpg]
[back.ang-studio.com/wp-content/uploads/2024/01/arkeologi-third-8.jpg]
[ang-studio.com/project/arkeologi-museoa/work.html]
[back.ang-studio.com/wp-content/uploads/2024/01/arkeologi-third-6.jpg]
[back.ang-studio.com/wp-content/uploads/2024/01/arkeologi-half-1.jpg]
[back.ang-studio.com/wp-content/uploads/2024/01/arkeologi-third-10.jpg]
[back.ang-studio.com/wp-content/uploads/2024/01/arkeologi-third-9.jpg]
[back.ang-studio.com/wp-content/uploads/2024/01/arkeologi-third-1.jpg]
[back.ang-studio.com/wp-content/uploads/2024/01/arkeologi-full-1.jpg]
[back.ang-studio.com/wp-content/uploads/2024/01/arkeologi-third-7.jpg]
[back.ang-studio.com/wp-content/uploads/2024/01/arkeologi-third-11.jpg]
[back.ang-studio.com/wp-content/uploads/2024/01/arkeologi-third-2.jpg]
[ang-studio.com/project/arkeologi-museoa.html]
[ang-studio.com/project/getxo-photo-2018/work.html]
[ang-studio.com/project/itsasoko/work.html]
[ang-studio.com/project/getxo-photo-19/work.html]
[ang-studio.com/project/reaction/work.html]
[ang-studio.com/project/alc/work.html]
[ang-studio.com/project/el-naturalista/work.html]
[ang-studio.com/project/transformaciones/work.html]
[ang-studio.com/project/tb-group/work.html]
[ang-studio.com/project/neokdun/work.html]
[ang-studio.com/project/canopy/work.html]
[ang-studio.com/project/neeev/work.html]
[ang-studio.com/project/arkeologi-museoa/work.html]
[ang-studio.com/project/serrano/work.html]
[ang-studio.com/project/serrano/work.html]
